[www.caretta-spa.cz/index.html]
[backblue.gif]
[fade.gif]
[index.html]
[www.caretta-spa.cz/img/logo-fb.png]
[www.caretta-spa.cz/img/xfavicon.jpg.pagespeed.ic.koGU45d2O8.jpg]
[www.caretta-spa.cz/fonts/glyphicons-halflings-regular.eot]
[www.caretta-spa.cz/fonts/glyphicons-halflings-regulard41d.eot]
[www.caretta-spa.cz/fonts/glyphicons-halflings-regular.woff2]
[www.caretta-spa.cz/fonts/glyphicons-halflings-regular.woff]
[www.caretta-spa.cz/fonts/glyphicons-halflings-regular.ttf]
[www.caretta-spa.cz/fonts/glyphicons-halflings-regular.svg]
[www.caretta-spa.cz/plugins/font-awesome-4.6.3/fonts/fontawesome-webfont5b62.eot]
[www.caretta-spa.cz/plugins/font-awesome-4.6.3/fonts/fontawesome-webfontd41d.eot]
[www.caretta-spa.cz/plugins/font-awesome-4.6.3/fonts/fontawesome-webfont5b62.woff2]
[www.caretta-spa.cz/plugins/font-awesome-4.6.3/fonts/fontawesome-webfont5b62.woff]
[www.caretta-spa.cz/plugins/font-awesome-4.6.3/fonts/fontawesome-webfont5b62.ttf]
[www.caretta-spa.cz/plugins/font-awesome-4.6.3/fonts/fontawesome-webfont5b62.svg]
[www.caretta-spa.cz/plugins/lightbox2/dist/images/close.png]
[www.caretta-spa.cz/plugins/lightbox2/dist/images/loading.gif]
[www.caretta-spa.cz/plugins/lightbox2/dist/images/prev.png]
[www.caretta-spa.cz/plugins/lightbox2/dist/images/next.png]
[rec.smartlook.com/recorder.js]
[www.caretta-spa.cz/pagespeed_static/1.JiBnMqyl6S.gif]
[www.caretta-spa.cz/img/xlogo.png.pagespeed.ic.WoQPhwILTJ.png]
[www.caretta-spa.cz/images/MzI0eDE5MjB4MA==/xvirivka+caretta+spa+u+bazenu+2.jpg.pagespeed.ic.C4-MNWuFvQ.jpg]
[www.caretta-spa.cz/caretta-connect.html]
[www.caretta-spa.cz/virivky/caretta-individual.html]
[www.caretta-spa.cz/images/MjEweDc1MHgw/x,PC3,PBAvod+box-lev,PC3,PBD2.jpg.pagespeed.ic.bYBdm_FgRi.jpg]
[www.caretta-spa.cz/images/MjE4eDUwMHgw/x,PC3,PBAvod+box-st,PC5,P99ed3_resize.jpg.pagespeed.ic.gqFzdOVbz-.jpg]
[www.caretta-spa.cz/images/MjIxeDc1MHgw/x,PC3,PBAvod+box-prav,PC3,PBD1.jpg.pagespeed.ic.YYNwO1xdGi.jpg]
[www.caretta-spa.cz/novinky/ochlazovaci-kad-budfitter.html]
[www.caretta-spa.cz/novinky.html]
[www.caretta-spa.cz/virivky.html]
[www.caretta-spa.cz/images/NTN4ODAweDA=/xvod+produkt+box-v,PC3,PAD,PC5,P99ivky2.jpg.pagespeed.ic.mGCHXuDDCm.jpg]
[www.caretta-spa.cz/sauny.html]
[www.caretta-spa.cz/images/MjF4ODAweDA=/xvod+produkt+box-finsk,PC3,PA9+sauny1.jpg.pagespeed.ic.QDLfTMj_wt.jpg]
[www.caretta-spa.cz/ochlazovaci-systemy.html]
[www.caretta-spa.cz/images/MjQzeDgwMHgw/x,PC3,PBAvod+produkt+box-ochlazovac,PC3,PAD+syst,PC3,PA9my2.jpg.pagespeed.ic.bxjGDC8V1L.jpg]
[www.caretta-spa.cz/parni-lazne.html]
[www.caretta-spa.cz/images/Mzh4ODAweDA=/xvod+produkt+box-parn,PC3,PAD+l,PC3,PA1zn,PC4,P9B1.jpg.pagespeed.ic.HusNIjytv4.jpg]
[www.caretta-spa.cz/stavebnicovy-system-profipref.html]
[www.caretta-spa.cz/images/Mzl4ODAweDA=/xvod+produkt+box-syst,PC3,PA9m+profipref1.jpg.pagespeed.ic.A1QKtcxlwc.jpg]
[www.caretta-spa.cz/swim-spa.html]
[www.caretta-spa.cz/images/NjI1eDgwMHgw/xswim+spa+Torrente+by+CARETTA+SPA+.jpg.pagespeed.ic.Ut3xhz2J8E.jpg]
[www.caretta-spa.cz/look-spa.html]
[www.caretta-spa.cz/images/NjExeDgwMHgw/xkontejnerovawellness.JPG.pagespeed.ic.pVJKV-pkiD.jpg]
[www.caretta-spa.cz/hotelovy-interier.html]
[www.caretta-spa.cz/images/NjEzeDgwMHgw/xhotelovyinterier.jpg.pagespeed.ic.9-CqApHUPN.jpg]
[www.caretta-spa.cz/lazenske-vany.html]
[www.caretta-spa.cz/images/MjN4ODAweDA=/xvod+produkt+box-l,PC3,PA1ze,PC5,P88sk,PC3,PA9+vany1.jpg.pagespeed.ic.vlqg0XevXt.jpg]
[www.caretta-spa.cz/luxusni-osvetleni-do-wellness-aura.html]
[www.caretta-spa.cz/images/Mjd4ODAweDA=/xvod+produkt+box-sv,PC4,P9Btlo++aura1.jpg.pagespeed.ic.hOUhcvD4nw.jpg]
[www.caretta-spa.cz/sedak-trono.html]
[www.caretta-spa.cz/images/NTR4ODAweDA=/xvod+produkt+box-sed,PC3,PA1k+trono1.jpg.pagespeed.ic.hitQwXIBz5.jpg]
[www.caretta-spa.cz/images/NTY2eDE5MjB4MA==/07.jpg]
[www.caretta-spa.cz/images/NTY2eDc2N3gw/x07.jpg.pagespeed.ic.uLl19WEbII.jpg]
[www.caretta-spa.cz/images/NTU5eDE5MjB4MA==/00(1).jpg]
[www.caretta-spa.cz/images/NTU5eDc2N3gw/x00,P281,P29.jpg.pagespeed.ic.slb2p_JN1I.jpg]
[www.caretta-spa.cz/images/NTY5eDE5MjB4MA==/10.jpg]
[www.caretta-spa.cz/images/NTY5eDc2N3gw/x10.jpg.pagespeed.ic.ouAVjl-A0a.jpg]
[www.caretta-spa.cz/images/NTY1eDE5MjB4MA==/06.jpg]
[www.caretta-spa.cz/images/NTY1eDc2N3gw/x06.jpg.pagespeed.ic.OutI7MN9kO.jpg]
[www.caretta-spa.cz/images/NTc2eDE5MjB4MA==/17.jpg]
[www.caretta-spa.cz/images/NTc2eDc2N3gw/x17.jpg.pagespeed.ic.sVU4JsTPo2.jpg]
[www.caretta-spa.cz/images/NTcyeDE5MjB4MA==/13.jpg]
[www.caretta-spa.cz/images/NTcyeDc2N3gw/x13.jpg.pagespeed.ic.otfsWT_F-Q.jpg]
[www.caretta-spa.cz/images/NTczeDE5MjB4MA==/14.jpg]
[www.caretta-spa.cz/images/NTczeDc2N3gw/x14.jpg.pagespeed.ic.rfkuaYDCc1.jpg]
[www.caretta-spa.cz/images/NTY3eDE5MjB4MA==/08.jpg]
[www.caretta-spa.cz/images/NTY3eDc2N3gw/x08.jpg.pagespeed.ic._oYTP00GpY.jpg]
[www.caretta-spa.cz/images/NTY0eDE5MjB4MA==/05.jpg]
[www.caretta-spa.cz/images/NTY0eDc2N3gw/x05.jpg.pagespeed.ic.2kFwgsAN28.jpg]
[www.caretta-spa.cz/images/NTYweDE5MjB4MA==/01.jpg]
[www.caretta-spa.cz/images/NTYweDc2N3gw/x01.jpg.pagespeed.ic.HJfRvXE-Kl.jpg]
[www.caretta-spa.cz/images/MjUyeDE5MjB4MA==/CARETTA-spa+foto28.jpg]
[www.caretta-spa.cz/images/MjUyeDc2N3gw/xCARETTA-spa+foto28.jpg.pagespeed.ic.m96mxikTNU.jpg]
[www.caretta-spa.cz/images/MzI1eDE5MjB4MA==/virivka+caretta+spa+u+bazenu+4.jpg]
[www.caretta-spa.cz/images/MzI1eDc2N3gw/xvirivka+caretta+spa+u+bazenu+4.jpg.pagespeed.ic.nowiIrhr-R.jpg]
[www.caretta-spa.cz/images/MTg3eDE5MjB4MA==/CARETTA-spa+foto8.jpg]
[www.caretta-spa.cz/images/MTg3eDc2N3gw/xCARETTA-spa+foto8.jpg.pagespeed.ic.lurcwUyrsC.jpg]
[www.caretta-spa.cz/images/MTg0eDE5MjB4MA==/CARETTA-spa+foto5.jpg]
[www.caretta-spa.cz/images/MTg0eDc2N3gw/xCARETTA-spa+foto5.jpg.pagespeed.ic.mFJRK-mP36.jpg]
[www.caretta-spa.cz/images/MjUxeDE5MjB4MA==/CARETTA-spa+foto27.jpg]
[www.caretta-spa.cz/images/MjUxeDc2N3gw/xCARETTA-spa+foto27.jpg.pagespeed.ic.2G3Sh9DVue.jpg]
[www.caretta-spa.cz/images/MjUweDE5MjB4MA==/CARETTA-spa+foto26.jpg]
[www.caretta-spa.cz/images/MjUweDc2N3gw/xCARETTA-spa+foto26.jpg.pagespeed.ic.nPteogo_Mo.jpg]
[www.caretta-spa.cz/images/MzI2eDE5MjB4MA==/virivka+caretta+spa+u+bazenu+1.jpg]
[www.caretta-spa.cz/images/MzI2eDc2N3gw/xvirivka+caretta+spa+u+bazenu+1.jpg.pagespeed.ic.I4FRy1ZC4j.jpg]
[www.caretta-spa.cz/images/MTg4eDE5MjB4MA==/CARETTA-spa+foto9.jpg]
[www.caretta-spa.cz/images/MTg4eDc2N3gw/xCARETTA-spa+foto9.jpg.pagespeed.ic.fk3v1Wv6fV.jpg]
[www.caretta-spa.cz/images/MTg1eDE5MjB4MA==/CARETTA-spa+foto6.jpg]
[www.caretta-spa.cz/images/MTg1eDc2N3gw/xCARETTA-spa+foto6.jpg.pagespeed.ic.yNBNNUQrC2.jpg]
[www.caretta-spa.cz/images/MTg2eDE5MjB4MA==/CARETTA-spa+foto7.jpg]
[www.caretta-spa.cz/images/MTg2eDc2N3gw/xCARETTA-spa+foto7.jpg.pagespeed.ic.zIWsXTzgy8.jpg]
[www.caretta-spa.cz/images/MTgzeDE5MjB4MA==/CARETTA-spa+foto4.jpg]
[www.caretta-spa.cz/images/MTgzeDc2N3gw/xCARETTA-spa+foto4.jpg.pagespeed.ic.vUScWTWJc7.jpg]
[www.caretta-spa.cz/images/MTgyeDE5MjB4MA==/CARETTA-spa+foto3.jpg]
[www.caretta-spa.cz/images/MTgyeDc2N3gw/xCARETTA-spa+foto3.jpg.pagespeed.ic.DB1KfRJSdZ.jpg]
[www.caretta-spa.cz/images/MTk5eDE5MjB4MA==/CARETTA-spa+foto20.jpg]
[www.caretta-spa.cz/images/MTk5eDc2N3gw/xCARETTA-spa+foto20.jpg.pagespeed.ic.m1g51RfNTr.jpg]
[www.caretta-spa.cz/images/MTgxeDE5MjB4MA==/CARETTA-spa+foto2.jpg]
[www.caretta-spa.cz/images/MTgxeDc2N3gw/xCARETTA-spa+foto2.jpg.pagespeed.ic.xhRq7O3U80.jpg]
[www.caretta-spa.cz/images/MTk4eDE5MjB4MA==/CARETTA-spa+foto19.jpg]
[www.caretta-spa.cz/images/MTk4eDc2N3gw/xCARETTA-spa+foto19.jpg.pagespeed.ic.7suZYNl933.jpg]
[www.caretta-spa.cz/images/MTgweDE5MjB4MA==/CARETTA-spa+foto1.jpg]
[www.caretta-spa.cz/images/MTgweDc2N3gw/xCARETTA-spa+foto1.jpg.pagespeed.ic.KvGsoQDgXv.jpg]
[www.caretta-spa.cz/images/MTk3eDE5MjB4MA==/CARETTA-spa+foto18.jpg]
[www.caretta-spa.cz/images/MTk3eDc2N3gw/xCARETTA-spa+foto18.jpg.pagespeed.ic.9bvzmhrl3C.jpg]
[www.caretta-spa.cz/images/MTk2eDE5MjB4MA==/CARETTA-spa+foto17.jpg]
[www.caretta-spa.cz/images/MTk2eDc2N3gw/xCARETTA-spa+foto17.jpg.pagespeed.ic.ZO67W6oPzB.jpg]
[www.caretta-spa.cz/images/MTk1eDE5MjB4MA==/CARETTA-spa+foto16.jpg]
[www.caretta-spa.cz/images/MTk1eDc2N3gw/xCARETTA-spa+foto16.jpg.pagespeed.ic.vli2Pl1JkG.jpg]
[www.caretta-spa.cz/images/MTk0eDE5MjB4MA==/CARETTA-spa+foto15.jpg]
[www.caretta-spa.cz/images/MTk0eDc2N3gw/xCARETTA-spa+foto15.jpg.pagespeed.ic.zdHTPLslVn.jpg]
[www.caretta-spa.cz/images/MTkzeDE5MjB4MA==/CARETTA-spa+foto14.jpg]
[www.caretta-spa.cz/images/MTkzeDc2N3gw/xCARETTA-spa+foto14.jpg.pagespeed.ic.6Cc2sJ5q1j.jpg]
[www.caretta-spa.cz/images/MTkyeDE5MjB4MA==/CARETTA-spa+foto13.jpg]
[www.caretta-spa.cz/images/MTkyeDc2N3gw/xCARETTA-spa+foto13.jpg.pagespeed.ic.he19mAjStI.jpg]
[www.caretta-spa.cz/images/MTkxeDE5MjB4MA==/CARETTA-spa+foto12.jpg]
[www.caretta-spa.cz/images/MTkxeDc2N3gw/xCARETTA-spa+foto12.jpg.pagespeed.ic.x9LrujOmtz.jpg]
[www.caretta-spa.cz/images/MTkweDE5MjB4MA==/CARETTA-spa+foto11.jpg]
[www.caretta-spa.cz/images/MTkweDc2N3gw/xCARETTA-spa+foto11.jpg.pagespeed.ic.nLDajex0Hf.jpg]
[www.caretta-spa.cz/images/MTg5eDE5MjB4MA==/CARETTA-spa+foto10.jpg]
[www.caretta-spa.cz/images/MTg5eDc2N3gw/xCARETTA-spa+foto10.jpg.pagespeed.ic.ZSO6DOoXbf.jpg]
[www.caretta-spa.cz/images/NTg5eDY1MHgw/xrealizace+bodiz_E_druha,PCC,P81+varinata.jpg.pagespeed.ic.Aux8zkV--K.jpg]
[www.caretta-spa.cz/images/NTkweDY1MHgw/xrealizace+bodiz_E_FOTKA_druha,PCC,P81+varianta.jpg.pagespeed.ic.JfLU3QKE-E.jpg]
[www.caretta-spa.cz/images/NTg4eDY1MHgw/xrealizace+ondrasuv+dvur_D.jpg.pagespeed.ic.cJ4TFBMhGt.jpg]
[www.caretta-spa.cz/images/NTg3eDY1MHgw/xrealizace+ondrasuv+dvur_D_FOTKA.jpg.pagespeed.ic.myKxoAO8ew.jpg]
[www.caretta-spa.cz/images/NTg2eDY1MHgw/xrealizace+c,PCC,P8Celadna,PCC,P81_B.jpg.pagespeed.ic.th6YzyjLfA.jpg]
[www.caretta-spa.cz/images/NTg1eDY1MHgw/xrealizace+c,PCC,P8Celadna,PCC,P81_B_FOTKA.jpg.pagespeed.ic.n8dpi-DTOO.jpg]
[www.caretta-spa.cz/images/NTgzeDY1MHgw/xrealizace+maximus_C.jpg.pagespeed.ic.uw0bgOC99m.jpg]
[www.caretta-spa.cz/images/NTg0eDY1MHgw/xrealizace+maximus_C_FOTKA.jpg.pagespeed.ic.f6pJhfsk9Q.jpg]
[www.caretta-spa.cz/images/NTgyeDY1MHgw/xrealizace+kopr,PCC,P8Civna,PCC,P81_A.jpg.pagespeed.ic.45ldFGvm-Y.jpg]
[www.caretta-spa.cz/images/NTgxeDY1MHgw/xrealizace+kopr,PCC,P8Civna,PCC,P81_A_FOTKA.jpg.pagespeed.ic.-ujucQmL-5.jpg]
[www.caretta-spa.cz/images/NTgweDY1MHgw/xrealizace+zk_F.jpg.pagespeed.ic.-jSI2tnb3h.jpg]
[www.caretta-spa.cz/images/NTc5eDY1MHgw/xrealizace+zk_F_fotka.jpg.pagespeed.ic.Nh_-wW_JXP.jpg]
[www.caretta-spa.cz/ochrana-osobnich-udaju.html]
[www.caretta-spa.cz/obchodni-podminky.html]
[www.google.com/recaptcha/apic339.js]
[www.caretta-spa.cz/plugins/jquery/jquery.min.js]
[www.caretta-spa.cz/js/bootstrap.min.js]
[www.caretta-spa.cz/plugins/slick,_slick.min.js+lightbox2,_dist,_js,_lightbox.js.pagespeed.jc.n7v_pfWiXI.js]
[www.caretta-spa.cz/plugins/owl-carousel/owl.carousel.js.pagespeed.jm.dCKcr10YWd.js]
[www.caretta-spa.cz/plugins,_parallax.js-1.4.2,_parallax.js+plugins,_aos,_aos.js+js,_app.js,qv==1597832708.pagespeed.jc.49pMqzud_P.js]
[www.caretta-spa.cz/plugins/cookie/cookieconsent.min.js]
[www.caretta-spa.cz/POST]
[www.caretta-spa.cz/index.html]
[www.caretta-spa.cz/plugins/cookie/A.cookieconsent.min.css.pagespeed.cf.6hLUlhwbFs.css]
[www.caretta-spa.cz/fonts/glyphicons-halflings-regular.svg]
[www.caretta-spa.cz/A.plugins,,_owl-carousel,,_assets,,_owl.carousel.min.css+plugins,,_owl-carousel,,_assets,,_owl.theme.default.min.css+css,,_bootstrap.min.css+plugins,,_font-awesome-4.6.3,,_css,,_font-awesome.mi]
[www.caretta-spa.cz/plugins/font-awesome-4.6.3/fonts/fontawesome-webfont5b62.svg]
[www.caretta-spa.cz/images/NDk3eDE5MjB4MA==/xweb_en_connect01_uvodni+baner.jpg.pagespeed.ic.jGClbdPeyl.jpg]
[www.caretta-spa.cz/images/NDk2eDc2N3gw/xdisplay.jpg.pagespeed.ic.5x3XqQJhjw.jpg]
[www.caretta-spa.cz/images/NDk1eDc2N3gw/xwi-fi+aplikace+2.jpg.pagespeed.ic.w26LG0nmLw.jpg]
[www.caretta-spa.cz/images/NDk0eDc2N3gw/xwi-fi+aplikace.jpg.pagespeed.ic.t1RdvZV60x.jpg]
[www.caretta-spa.cz/images/NDk2eDB4NzA=/xdisplay.jpg.pagespeed.ic.TPu6ZdBUN4.jpg]
[www.caretta-spa.cz/images/NDk1eDB4NzA=/xwi-fi+aplikace+2.jpg.pagespeed.ic.tQTnJAo6dM.jpg]
[www.caretta-spa.cz/images/NDk0eDB4NzA=/xwi-fi+aplikace.jpg.pagespeed.ic.WJwnhitoKC.jpg]
[www.caretta-spa.cz/img/xatelier3m.png.pagespeed.ic.peixhhuCot.png]
[www.caretta-spa.cz/img/rails-footer.png]
[www.caretta-spa.cz/plugins/jquery/jquery.min.js.pagespeed.jm.iDyG3vc4gw.js]
[www.caretta-spa.cz/js/bootstrap.min.js.pagespeed.jm.ACjAVc6v8f.js]
[www.caretta-spa.cz/plugins/slick/slick.min.js.pagespeed.jm.7-LcV797cx.js]
[www.caretta-spa.cz/plugins/slider-pro-master/dist/js/jquery.sliderPro.min.js]
[www.caretta-spa.cz/caretta-connect.html]
[www.caretta-spa.cz/images/MjIyeDE5MjB4MA==/xv,PC3,PAD,PC5,P99ivka-individual+banner.jpg.pagespeed.ic.zuPNpDyMvR.jpg]
[www.caretta-spa.cz/images/MzUweDc2N3gw/xvirivka+individual+u+textu_2.jpg.pagespeed.ic.AGlGOPZ2hK.jpg]
[www.caretta-spa.cz/images/MzQ5eDc2N3gw/xvirivka+individual+utextu.jpg.pagespeed.ic.XjydUrOKTU.jpg]
[www.caretta-spa.cz/images/MzUweDB4NzA=/xvirivka+individual+u+textu_2.jpg.pagespeed.ic.jvTz-liCMR.jpg]
[www.caretta-spa.cz/images/MzQ5eDB4NzA=/xvirivka+individual+utextu.jpg.pagespeed.ic.m5esDY3DPm.jpg]
[www.caretta-spa.cz/virivky/POST]
[www.caretta-spa.cz/virivky/caretta-individual.html]
[www.caretta-spa.cz/images/Njg1eDc2N3gw/xDSC_6844.JPG.pagespeed.ic.dKbvWt0qTI.jpg]
[www.caretta-spa.cz/novinky/POST]
[www.caretta-spa.cz/novinky/ochlazovaci-kad-budfitter.html]
[www.caretta-spa.cz/novinky4658.html]
[www.caretta-spa.cz/novinky/postupne-navyseni-cen.html]
[www.caretta-spa.cz/images/NjcweDc2N3gw/xCENA,P282,P29.jpg.pagespeed.ic.Y93prA2-Qh.jpg]
[www.caretta-spa.cz/novinky/moderni-zahradni-sauna-lucciola.html]
[www.caretta-spa.cz/images/NjQyeDc2N3gw/xLuciolla_CZ_2.jpg.pagespeed.ic.EuTcHFfSy6.jpg]
[www.caretta-spa.cz/novinky/rozsirujeme-tym-caretta-spa.html]
[www.caretta-spa.cz/images/NjQxeDc2N3gw/xhled,PC3,PA1me-stola,PC5,P99e.jpg.pagespeed.ic.b5XNusqLbJ.jpg]
[www.caretta-spa.cz/novinky/vesele-vanoce-a-stastny-novy-rok-2021.html]
[www.caretta-spa.cz/images/NjM4eDc2N3gw/xPF-2021.jpg.pagespeed.ic.VfNtEOxvGj.jpg]
[www.caretta-spa.cz/novinky/posledni-objednavky-virivek-za-letosni-ceny.html]
[www.caretta-spa.cz/images/NjM3eDc2N3gw/xVyprodej-virivek-za-letosni-ceny.jpg.pagespeed.ic.m05ZmxSR6Z.jpg]
[www.caretta-spa.cz/novinky/akce-ukoncena-letni-vyprodej-skladovych-a-predvadecich-virivek.html]
[www.caretta-spa.cz/images/NjM2eDc2N3gw/xVyprodej_skladu_2.jpg.pagespeed.ic.otisNPDrTj.jpg]
[www.caretta-spa.cz/novinky/vsude-dobre-doma-nejlip.html]
[www.caretta-spa.cz/images/NjM1eDc2N3gw/xvi,PCC,P81r,PCC,P8Civka+gemino+vs,PCC,P8Cude+dobr,PCC,P8Ce+doma+nejli,PCC,P81p+1.jpg.pagespeed.ic.7gsI2pNWN2.jpg]
[www.caretta-spa.cz/novinky/pripravujeme-novy-venkovni-showroom-caretta-spa.html]
[www.caretta-spa.cz/images/NjM0eDc2N3gw/xoutdoor+showroom+CARETTASPA.png.pagespeed.ic.cJ6BrAhsfo.png]
[www.caretta-spa.cz/novinky9ba9.html]
[www.caretta-spa.cz/novinky.html]
[www.caretta-spa.cz/novinkyfdb0.html]
[www.caretta-spa.cz/images/MTA3eDE5MjB4MA==/xbanner-v,PC3,PAD,PC5,P99ivky2.jpg.pagespeed.ic.lsu-gE1l9V.jpg]
[www.caretta-spa.cz/images/NDIweDgwMHgw/xvirivka,P2Bindividual.jpg.pagespeed.ic.Y4BuSRAT6L.jpg]
[www.caretta-spa.cz/virivky/tempesta-premium-plus.html]
[www.caretta-spa.cz/images/NDMzeDgwMHgw/xtempesta+premium.jpg.pagespeed.ic.JHhyz9zM_J.jpg]
[www.caretta-spa.cz/img/pikto2/Nx40xtr-70.png.pagespeed.ic.mOWU15-9ef.png]
[www.caretta-spa.cz/img/pikto2/Nx40xcap-4.png.pagespeed.ic.5598ui0rMj.png]
[www.caretta-spa.cz/img/pikto2/palette.png]
[www.caretta-spa.cz/img/pikto2/Nx40xvariants.png.pagespeed.ic.6krKQ2F_Aw.png]
[www.caretta-spa.cz/img/pikto2/Nx40xskladem.png.pagespeed.ic.XzEkRcaI2R.png]
[www.caretta-spa.cz/virivky/club-250.html]
[www.caretta-spa.cz/images/NjF4ODAweDA=/xv,PC3,PAD,PC5,P99ivky-club+250.jpg.pagespeed.ic.oagAkXWZ3a.jpg]
[www.caretta-spa.cz/img/pikto2/Nx40x1-t.png.pagespeed.ic.6z3iuEqQTv.png]
[www.caretta-spa.cz/virivky/colosseo.html]
[www.caretta-spa.cz/images/MzUxeDgwMHgw/xcolosseo+web.jpg.pagespeed.ic.d0CcX-Qe9n.jpg]
[www.caretta-spa.cz/img/pikto2/Nx40xtr-23.png.pagespeed.ic.CgtkUmi8iw.png]
[www.caretta-spa.cz/img/pikto2/Nx40xcap-2-3.png.pagespeed.ic.woY0jRgt09.png]
[www.caretta-spa.cz/virivky/delirio.html]
[www.caretta-spa.cz/images/MzU0eDgwMHgw/xdelirio+web.jpg.pagespeed.ic.9GNoUYACBY.jpg]
[www.caretta-spa.cz/img/pikto2/Nx40xtr-26.png.pagespeed.ic.kM8pM1GgEu.png]
[www.caretta-spa.cz/virivky/vyrazeno-z-vyroby-infinite-fresh.html]
[www.caretta-spa.cz/images/NjJ4ODAweDA=/xv,PC3,PAD,PC5,P99ivky-infinit,PC3,PA9.jpg.pagespeed.ic.gKeFEim3sF.jpg]
[www.caretta-spa.cz/img/pikto2/Nx40xtr-57.png.pagespeed.ic.XeQBTtLcTS.png]
[www.caretta-spa.cz/img/pikto2/Nx40xcap-5.png.pagespeed.ic.JOeCZ1lR3B.png]
[www.caretta-spa.cz/img/pikto2/Nx40x4-t.png.pagespeed.ic.y0I5MVBKWJ.png]
[www.caretta-spa.cz/virivky/vyrazeno-z-vyroby-tempesta-diamond.html]
[www.caretta-spa.cz/images/NDMxeDgwMHgw/xtempesta+diamond.jpg.pagespeed.ic.5kMMaBqyLu.jpg]
[www.caretta-spa.cz/img/pikto2/Nx40xtr-76.png.pagespeed.ic.dmYHskTcoh.png]
[www.caretta-spa.cz/virivky/vyrazeno-z-vyroby-tempesta-fresh.html]
[www.caretta-spa.cz/images/NDMyeDgwMHgw/xtempesta+fresh.jpg.pagespeed.ic.2lxqa3NhYj.jpg]
[www.caretta-spa.cz/img/pikto2/Nx40xtr-47.png.pagespeed.ic.lDM2Jn2tgr.png]
[www.caretta-spa.cz/virivky/vyrazeno-z-vyroby-gemino-diamond.html]
[www.caretta-spa.cz/images/NDI4eDgwMHgw/xgemino+diamond+ivory.jpg.pagespeed.ic.4BnAciNtPb.jpg]
[www.caretta-spa.cz/img/pikto2/Nx40xtr-53.png.pagespeed.ic.BbskcHY2Vx.png]
[www.caretta-spa.cz/img/pikto2/Nx40xcap-2.png.pagespeed.ic.Dz2FUOWgWb.png]
[www.caretta-spa.cz/virivky/vyrazeno-z-vyroby-gemino-premium.html]
[www.caretta-spa.cz/images/NDY3eDgwMHgw/xgemino+premium+jpg.jpg.pagespeed.ic.4l0Ijv_IYQ.jpg]
[www.caretta-spa.cz/virivky/vyrazeno-z-vyroby-gemino-fresh.html]
[www.caretta-spa.cz/images/NDI5eDgwMHgw/xgemino+fresh+jpg.jpg.pagespeed.ic.qUFUkfsL4J.jpg]
[www.caretta-spa.cz/img/pikto2/Nx40xtr-28.png.pagespeed.ic.TjBvx1THRe.png]
[www.caretta-spa.cz/virivky.html]
[www.caretta-spa.cz/images/MTA4eDE5MjB4MA==/xsauny-banner1,P281,P29.jpg.pagespeed.ic.iSILACJx7f.jpg]
[www.caretta-spa.cz/sauny/lucciola.html]
[www.caretta-spa.cz/images/NjU2eDgwMHgw/xDSC_5476.JPG.pagespeed.ic.qY4he98ndz.jpg]
[www.caretta-spa.cz/sauny/finske-sauny.html]
[www.caretta-spa.cz/images/Nzd4ODAweDA=/xsauny-finsk,PC3,PA9+sauny.jpg.pagespeed.ic.BBS0T1ZvWd.jpg]
[www.caretta-spa.cz/sauny/infrasauny.html]
[www.caretta-spa.cz/images/MTA5eDgwMHgw/xsauny-infrasauny,P281,P29.jpg.pagespeed.ic._bdnEB-HCI.jpg]
[www.caretta-spa.cz/sauny/biosauny.html]
[www.caretta-spa.cz/images/MjE1eDgwMHgw/xsauny-biosauny.jpg.pagespeed.ic.aXTiEwdvKL.jpg]
[www.caretta-spa.cz/sauny/sudove-sauny.html]
[www.caretta-spa.cz/images/NDY4eDgwMHgw/xsauny-sudov,PC3,PA9+sauny.jpg.pagespeed.ic.nMk8ie8AL8.jpg]
[www.caretta-spa.cz/sauny/kombinovane-sauny.html]
[www.caretta-spa.cz/images/Nzl4ODAweDA=/xsauny-kombinovan,PC3,PA9+sauny.jpg.pagespeed.ic.Ohhmepuwpa.jpg]
[www.caretta-spa.cz/sauny/saltair-morske-klima.html]
[www.caretta-spa.cz/images/ODB4ODAweDA=/xsauny-saltair.jpg.pagespeed.ic.Z_m6aGdrEu.jpg]
[www.caretta-spa.cz/sauny.html]
[www.caretta-spa.cz/images/MjQ0eDE5MjB4MA==/xochlazovac,PC3,PAD+syst,PC3,PA9my-banner,P281,P29.jpg.pagespeed.ic.odKGibEKms.jpg]
[www.caretta-spa.cz/ochlazovaci-systemy/ochlazovaci-bazenek-shokki.html]
[www.caretta-spa.cz/images/MjM5eDgwMHgw/xochlazovac,PC3,PAD+baz,PC3,PA9nek+shokki.jpg.pagespeed.ic.79yv4mTR1K.jpg]
[www.caretta-spa.cz/ochlazovaci-systemy/zazitkove-sprchy.html]
[www.caretta-spa.cz/images/MTUweDgwMHgw/xz,PC3,PA1,PC5,PBEitkov,PC3,PA9+sprchy.jpg.pagespeed.ic.Pujo6Sl_iy.jpg]
[www.caretta-spa.cz/ochlazovaci-systemy.html]
[www.caretta-spa.cz/images/MTM4eDE5MjB4MA==/xparn,PC3,PAD+l,PC3,PA1zn,PC4,P9B-banner.jpg.pagespeed.ic.-xClgL7VFR.jpg]
[www.caretta-spa.cz/parni-lazne/tradicni-keramicke-lazne.html]
[www.caretta-spa.cz/images/MTM2eDgwMHgw/xkeramick,PC3,PA9+parn,PC3,PAD+l,PC3,PA1zn,PC4,P9B.jpg.pagespeed.ic.2tix4apnWU.jpg]
[www.caretta-spa.cz/parni-lazne/kompozitove-parni-lazne.html]
[www.caretta-spa.cz/images/MTM3eDgwMHgw/xkompozitov,PC3,PA9+parn,PC3,PADl,PC3,PA1zn,PC4,P9B.jpg.pagespeed.ic.E-Eupp2DGa.jpg]
[www.caretta-spa.cz/parni-lazne.html]
[www.caretta-spa.cz/images/MTc5eDE5MjB4MA==/xprofipref-banner,P281,P29.jpg.pagespeed.ic.h6YIh8RNpp.jpg]
[www.caretta-spa.cz/images/MTc1eDc2N3gw/xKneipp.jpg.pagespeed.ic.74ItuFhqXj.jpg]
[www.caretta-spa.cz/images/MTc2eDc2N3gw/xprofipref2.jpg.pagespeed.ic.JTYRC5PVHs.jpg]
[www.caretta-spa.cz/images/MTc3eDc2N3gw/xprofipref3.jpg.pagespeed.ic.m53Isg2AC1.jpg]
[www.caretta-spa.cz/images/MTc4eDc2N3gw/xprofipref4.jpg.pagespeed.ic.J5pRAzS8ZE.jpg]
[www.caretta-spa.cz/images/MTc1eDB4NzA=/xKneipp.jpg.pagespeed.ic.RkHAHELo09.jpg]
[www.caretta-spa.cz/images/MTc2eDB4NzA=/xprofipref2.jpg.pagespeed.ic.r4_2fIf25M.jpg]
[www.caretta-spa.cz/images/MTc3eDB4NzA=/xprofipref3.jpg.pagespeed.ic.C2hBfvLjXV.jpg]
[www.caretta-spa.cz/images/MTc4eDB4NzA=/xprofipref4.jpg.pagespeed.ic.04IPUSjGH5.jpg]
[www.caretta-spa.cz/upload/images/250x188xKneipp.jpg.pagespeed.ic.9ZpQv49oq3.jpg]
[www.caretta-spa.cz/upload/images/250x188xKneipp,PC3,PA1,PC4,P8D.jpg.pagespeed.ic.Z194o-y84P.jpg]
[www.caretta-spa.cz/upload/images/260x188xsprcha1,P281,P29.jpg.pagespeed.ic.-GORw0DuHp.jpg]
[www.caretta-spa.cz/upload/images/260x188xsprcha2,P281,P29.jpg.pagespeed.ic.7d5eX7ULK1.jpg]
[www.caretta-spa.cz/upload/images/250x188xP9101515,P282,P29.jpg.pagespeed.ic.4K7keMuDvP.jpg]
[www.caretta-spa.cz/upload/images/250x188xP1070235,P282,P29.jpg.pagespeed.ic.pzcvUyJfM2.jpg]
[www.caretta-spa.cz/upload/images/250x188xbenches_01.jpg.pagespeed.ic.-yjSXz5lOr.jpg]
[www.caretta-spa.cz/upload/images/250x188xbenches_02.jpg.pagespeed.ic.cVHSMf9nXx.jpg]
[www.caretta-spa.cz/stavebnicovy-system-profipref.html]
[www.caretta-spa.cz/images/NjA5eDE5MjB4MA==/xLook+Spa+-+visual.jpg.pagespeed.ic.o8epWFW66p.jpg]
[www.caretta-spa.cz/swim-spa/swim-spa-torrente-f-trainer-system-profi-all-year-paket.html]
[www.caretta-spa.cz/images/NjE3eDgwMHgw/xswimspa+torrente+1,P281,P29.jpg.pagespeed.ic.WWSmBzenp_.jpg]
[www.caretta-spa.cz/swim-spa/swim-spa-torrente-f-trainer-system-economy-summer-paket.html]
[www.caretta-spa.cz/img/pikto2/Nx40xbestseller.png.pagespeed.ic.9E1OklsdI9.png]
[www.caretta-spa.cz/swim-spa/torrente-f.html]
[www.caretta-spa.cz/swim-spa/torrente-skorepina.html]
[www.caretta-spa.cz/images/NjE2eDgwMHgw/xswimspa+torrente+1.jpg.pagespeed.ic.WWSmBzenp_.jpg]
[www.caretta-spa.cz/swim-spa.html]
[www.caretta-spa.cz/images/NjEyeDE5MjB4MA==/xkontejnerovawellnessvisual.jpg.pagespeed.ic.JyAXufouOk.jpg]
[www.caretta-spa.cz/look-spa.html]
[www.caretta-spa.cz/look-spa/look-spa-v1.html]
[www.caretta-spa.cz/images/NjE0eDE5MjB4MA==/xhotelovy-interier-visual.jpg.pagespeed.ic.jG8bSSr3Ts.jpg]
[www.caretta-spa.cz/images/NjEzeDc2N3gw/xhotelovyinterier.jpg.pagespeed.ic.NhWZShJLiQ.jpg]
[www.caretta-spa.cz/images/NjEzeDB4NzA=/xhotelovyinterier.jpg.pagespeed.ic.v5_MGPLN5C.jpg]
[www.caretta-spa.cz/hotelovy-interier.html]
[www.caretta-spa.cz/images/MTY2eDE5MjB4MA==/xl,PC3,PA1ze,PC5,P88sk,PC3,PA9+vany-banner,P281,P29.jpg.pagespeed.ic.YKnocCYiR2.jpg]
[www.caretta-spa.cz/images/MTYxeDc2N3gw/xl,PC3,PA1ze,PC5,P88sk,PC3,PA9+vany1.jpg.pagespeed.ic.yGDNSCuwT4.jpg]
[www.caretta-spa.cz/images/MTYyeDc2N3gw/xl,PC3,PA1ze,PC5,P88sk,PC3,PA9+vany2.jpg.pagespeed.ic.iVBYbsoOu5.jpg]
[www.caretta-spa.cz/images/MTYzeDc2N3gw/xl,PC3,PA1ze,PC5,P88sk,PC3,PA9+vany3.jpg.pagespeed.ic.OWjKmZRzWI.jpg]
[www.caretta-spa.cz/images/MTY0eDc2N3gw/xl,PC3,PA1ze,PC5,P88sk,PC3,PA9+vany4.jpg.pagespeed.ic.0aOMfae2Ov.jpg]
[www.caretta-spa.cz/images/MTYxeDB4NzA=/xl,PC3,PA1ze,PC5,P88sk,PC3,PA9+vany1.jpg.pagespeed.ic.9fTJRYoeNq.jpg]
[www.caretta-spa.cz/images/MTYyeDB4NzA=/xl,PC3,PA1ze,PC5,P88sk,PC3,PA9+vany2.jpg.pagespeed.ic.RoqG4zXaIj.jpg]
[www.caretta-spa.cz/images/MTYzeDB4NzA=/xl,PC3,PA1ze,PC5,P88sk,PC3,PA9+vany3.jpg.pagespeed.ic.wyy8BYh_Pc.jpg]
[www.caretta-spa.cz/images/MTY0eDB4NzA=/xl,PC3,PA1ze,PC5,P88sk,PC3,PA9+vany4.jpg.pagespeed.ic.Nx8dRigeao.jpg]
[www.caretta-spa.cz/lazenske-vany.html]
[www.caretta-spa.cz/images/MTcweDE5MjB4MA==/xaura-banner.jpg.pagespeed.ic.VGRPffPvca.jpg]
[www.caretta-spa.cz/images/MTY3eDc2N3gw/xaura1.jpg.pagespeed.ic.QSQJ9FrGc0.jpg]
[www.caretta-spa.cz/images/MTY4eDc2N3gw/xaura2.jpg.pagespeed.ic._XF0Ik6GOt.jpg]
[www.caretta-spa.cz/images/MTY5eDc2N3gw/xaura3.jpg.pagespeed.ic.7nF5NCKhq1.jpg]
[www.caretta-spa.cz/images/MTY3eDB4NzA=/xaura1.jpg.pagespeed.ic._9UIDUrnei.jpg]
[www.caretta-spa.cz/images/MTY4eDB4NzA=/xaura2.jpg.pagespeed.ic.MvlZ-1gS3G.jpg]
[www.caretta-spa.cz/images/MTY5eDB4NzA=/xaura3.jpg.pagespeed.ic.nhURCXxUWV.jpg]
[www.caretta-spa.cz/files/92/STROP AURA CARETTA SPA model hotovo rhino4.3dm]
[www.caretta-spa.cz/luxusni-osvetleni-do-wellness-aura.html]
[www.caretta-spa.cz/images/MTc0eDE5MjB4MA==/xtrono-banner.jpg.pagespeed.ic.aPiRq4XnAk.jpg]
[www.caretta-spa.cz/images/MTcxeDc2N3gw/xtrono1.jpg.pagespeed.ic.TGwi4GZU3C.jpg]
[www.caretta-spa.cz/images/MTcyeDc2N3gw/xtrono2.jpg.pagespeed.ic.z60ULORMvD.jpg]
[www.caretta-spa.cz/images/MTczeDc2N3gw/xtrono3.jpg.pagespeed.ic.UNTuxau_zl.jpg]
[www.caretta-spa.cz/images/MTcxeDB4NzA=/xtrono1.jpg.pagespeed.ic.tmkTjSDeFy.jpg]
[www.caretta-spa.cz/images/MTcyeDB4NzA=/xtrono2.jpg.pagespeed.ic.R3dA1fnGa1.jpg]
[www.caretta-spa.cz/images/MTczeDB4NzA=/xtrono3.jpg.pagespeed.ic._uvh5dFsOL.jpg]
[www.caretta-spa.cz/sedak-trono.html]
[www.caretta-spa.cz/ochrana-osobnich-udaju.html]
[www.caretta-spa.cz/obchodni-podminky.html]
[www.caretta-spa.cz/POST.html]
[www.caretta-spa.cz/plugins/owl-carousel/assets/xowl.video.play.png.pagespeed.ic.TL3hJNbNgS.png]
[www.caretta-spa.cz/plugins/slider-pro-master/dist/css/images/openhand.cur]
[www.caretta-spa.cz/plugins/slider-pro-master/dist/css/images/closedhand.cur]
[www.caretta-spa.cz/A.plugins,,_owl-carousel,,_assets,,_owl.carousel.min.css+plugins,,_owl-carousel,,_assets,,_owl.theme.default.min.css+css,,_bootstrap.min.css+plugins,,_font-awesome-4.6.3,,_css,,_font-awesome.mi]
[www.caretta-spa.cz/plugins/cookie/A.cookieconsent.min.css.pagespeed.cf.6hLUlhwbFs.css]
[www.caretta-spa.cz/virivky/POST.html]
[www.caretta-spa.cz/novinky/POST.html]
[www.caretta-spa.cz/novinky/omezeni-provozu-z-duvodu-narizeni-vlady.html]
[www.caretta-spa.cz/images/MjU3eDc2N3gw/xtulikivi_blog.jpg.pagespeed.ic.m4xvAyH5e9.jpg]
[www.caretta-spa.cz/novinky/look-spa-nove-modely-garden-wellness-na-klic.html]
[www.caretta-spa.cz/images/NjI0eDc2N3gw/xlookspa+novinka.png.pagespeed.ic.FEK0SIUbQo.png]
[www.caretta-spa.cz/novinky/cas-vanoc-v-nasi-firme.html]
[www.caretta-spa.cz/novinky/workout-sauna-od-caretta-spa.html]
[www.caretta-spa.cz/images/NjA4eDc2N3gw/xworkout+sauna+carettaspa1.jpg.pagespeed.ic.tjI1N8Yml0.jpg]
[www.caretta-spa.cz/novinky/novinky-a-vyvoj-v-caretta-spa-trono-pro-stylove-a-prakticke-posezeni-ve-wellness.html]
[www.caretta-spa.cz/images/NjA2eDc2N3gw/xnovinka+TRONO+-+sezen,PC3,PAD+do+wellness,P281,P29.jpg.pagespeed.ic.n5j8xiDdEa.jpg]
[www.caretta-spa.cz/novinky/cas-vanocni-v-caretta-spa.html]
[www.caretta-spa.cz/images/NjA0eDc2N3gw/xpf+2019+revize+robert+verze+27112018.jpg.pagespeed.ic.UG0rP1NvGJ.jpg]
[www.caretta-spa.cz/novinky/ke-spravnemu-saunovani-patri-poradne-ochlazeni-shokki.html]
[www.caretta-spa.cz/images/NjAzeDc2N3gw/xshokki+ochlazov,PC3,PA1k+novinky+Dan.jpg.pagespeed.ic.vq6DrpIS2R.jpg]
[www.caretta-spa.cz/novinky/jsme-tady-pro-vas-cele-letni-prazdniny.html]
[www.caretta-spa.cz/images/NTU4eDc2N3gw/xp,PC5,P99iv,PC3,PADt,PC3,PA1n,PC3,PAD_novinka+web.jpg.pagespeed.ic.7wqNeLjOk7.jpg]
[www.caretta-spa.cz/novinky/celofiremni-letni-dovolena-v-carette.html]
[www.caretta-spa.cz/images/NTU3eDc2N3gw/xcelofiremni,PCC,P81+dovolena,PCC,P81_novinka+web.jpg.pagespeed.ic.-ydqxaVUP7.jpg]
[www.caretta-spa.cz/novinky4658.html]
[www.caretta-spa.cz/novinky/postupne-navyseni-cen.html]
[www.caretta-spa.cz/novinky2679.html]
[www.caretta-spa.cz/images/NjU2eDB4MA==/DSC_5476.jpg]
[www.caretta-spa.cz/images/Nzd4MHgw/xsauny-finsk,PC3,PA9+sauny.jpg.pagespeed.ic.qxGSoqiJ32.jpg]
[www.caretta-spa.cz/images/MTA5eDB4MA==/xsauny-infrasauny,P281,P29.jpg.pagespeed.ic.8RUIY8d45l.jpg]
[www.caretta-spa.cz/novinky/moderni-zahradni-sauna-lucciola.html]
[www.caretta-spa.cz/novinky/rozsirujeme-tym-caretta-spa.html]
[www.caretta-spa.cz/images/NDIweDB4MA==/xvirivka,P2Bindividual.jpg.pagespeed.ic.eeoiW0Escu.jpg]
[www.caretta-spa.cz/images/NDMzeDB4MA==/xtempesta+premium.jpg.pagespeed.ic.b9OYj6HxKA.jpg]
[www.caretta-spa.cz/images/NjF4MHgw/xv,PC3,PAD,PC5,P99ivky-club+250.jpg.pagespeed.ic.qceYGf2PBc.jpg]
[www.caretta-spa.cz/novinky/vesele-vanoce-a-stastny-novy-rok-2021.html]
[www.caretta-spa.cz/novinky/posledni-objednavky-virivek-za-letosni-ceny.html]
[www.caretta-spa.cz/novinky/akce-ukoncena-letni-vyprodej-skladovych-a-predvadecich-virivek.html]
[www.caretta-spa.cz/novinky/vsude-dobre-doma-nejlip.html]
[www.caretta-spa.cz/novinky/pripravujeme-novy-venkovni-showroom-caretta-spa.html]
[www.caretta-spa.cz/novinky/budte-soucasti-skveleho-tymu-caretta-spa.html]
[www.caretta-spa.cz/images/MjM1eDc2N3gw/xinzerat_prace.jpg.pagespeed.ic.8ECB86ZS16.jpg]
[www.caretta-spa.cz/novinky/zmena-objednavkoveho-systemu.html]
[www.caretta-spa.cz/images/NTUweDc2N3gw/xnovinka_zru,PC5,PA1en,PC3,PAD+eshopu.jpg.pagespeed.ic.QWmkiiC2o6.jpg]
[www.caretta-spa.cz/novinky/jarni-slevova-akce.html]
[www.caretta-spa.cz/images/NDkxeDc2N3gw/xp,PC5,P99ed,PC4,P9Bl,PC3,PA1no.jpg.pagespeed.ic.FWcSTh2nRL.jpg]
[www.caretta-spa.cz/novinky/colloseo-pure.html]
[www.caretta-spa.cz/images/NDE5eDc2N3gw/xnovinka_colosseo+pure.jpg.pagespeed.ic.sbnet3wp3k.jpg]
[www.caretta-spa.cz/novinky/dostupna-virivka-colosseo-z-nove-rady-x-position-prichazi.html]
[www.caretta-spa.cz/images/Mjk5eDc2N3gw/xcolosseuo.jpg.pagespeed.ic.ev_lkcTUB0.jpg]
[www.caretta-spa.cz/novinky/sudova-sauna-relaxace-na-vasi-zahrade.html]
[www.caretta-spa.cz/images/MjYxeDc2N3gw/xsudova_sauna.jpg.pagespeed.ic.YJZ17xtRfi.jpg]
[www.caretta-spa.cz/novinky/microsilk-nadechnete-se-celym-povrchem-sveho-tela.html]
[www.caretta-spa.cz/images/MjMyeDc2N3gw/xweb+-+microsilk+,P281,P29.jpg.pagespeed.ic.Ms8aeMwcSl.jpg]
[www.caretta-spa.cz/novinky/podivejte-se-na-prestavbu-wellness-v-hotelu-zlaty-klucik.html]
[www.caretta-spa.cz/images/Mjc1eDc2N3gw/xzlaty_klucik.jpg.pagespeed.ic.R-EYTRL5TH.jpg]
[www.caretta-spa.cz/novinky/virivky-skladem-nyni-20.html]
[www.caretta-spa.cz/images/MjMxeDc2N3gw/xfb-v,PC3,PAD,PC5,P99ivky+v,PC3,PBDprodej1200x627.jpg.pagespeed.ic.hz3QrVRAC1.jpg]
[www.caretta-spa.cz/novinky9ba9.html]
[www.caretta-spa.cz/novinky/kamna-tulikivi-finska-elegance-z-mastku-a-keramiky.html]
[www.caretta-spa.cz/novinky/idealni-spolecnik-do-sauny-saunovaci-cepice.html]
[www.caretta-spa.cz/images/MjU2eDc2N3gw/xsaunovaci_cepice.jpg.pagespeed.ic.1LyhkuR_-1.jpg]
[www.caretta-spa.cz/novinky/saunujeme-proc-je-tak-dulezite-se-ochlazovat.html]
[www.caretta-spa.cz/images/MjQ4eDc2N3gw/xochlazo.jpg.pagespeed.ic.GpmBQ2w8Uw.jpg]
[www.caretta-spa.cz/novinky/vyprodej-skladu-vsechny-virivky-20.html]
[www.caretta-spa.cz/novinky/vyhrajte-3denni-pobyt-pro-2-osoby-v-horskem-hotelu-celadenka.html]
[www.caretta-spa.cz/images/MjMzeDc2N3gw/xfotosout,PC4,P9B,PC5,PBE6.jpg.pagespeed.ic.YwNFDYQcpp.jpg]
[www.caretta-spa.cz/novinky/luxus-pro-kazdeho.html]
[www.caretta-spa.cz/images/MjM0eDc2N3gw/xluxus.jpg.pagespeed.ic.0h-_e5vmYm.jpg]
[www.caretta-spa.cz/novinky/jsme-hrdi-cesi-proto-podnikame-z-cr.html]
[www.caretta-spa.cz/images/MjM3eDc2N3gw/xprojektujeme.jpg.pagespeed.ic.5t-J5No2ae.jpg]
[www.caretta-spa.cz/novinky/mame-grand-prix-z-veletrhu-for-arch-2015.html]
[www.caretta-spa.cz/images/MjM2eDc2N3gw/xgrandprix.jpg.pagespeed.ic.1pqL2lWVdm.jpg]
[www.caretta-spa.cz/novinkyfdb0.html]
[www.caretta-spa.cz/images/NzJ4MTkyMHgw/xv,PC3,PAD,PC5,P99ivka-tempesta+banner.jpg.pagespeed.ic.XpiizsTD5m.jpg]
[www.caretta-spa.cz/images/NDM5eDc2N3gw/xtempesta+premium+u+textu.jpg.pagespeed.ic.tHTIM_nWqI.jpg]
[www.caretta-spa.cz/images/NzR4NzY3eDA=/xv,PC3,PAD,PC5,P99ivka-tempesta2.jpg.pagespeed.ic.pmLpoQXzxk.jpg]
[www.caretta-spa.cz/images/NzN4NzY3eDA=/xv,PC3,PAD,PC5,P99ivka-tempesta1.jpg.pagespeed.ic.JLwp6agUEJ.jpg]
[www.caretta-spa.cz/images/NDM5eDB4NzA=/xtempesta+premium+u+textu.jpg.pagespeed.ic.Qg7zwFR3pg.jpg]
[www.caretta-spa.cz/images/NzR4MHg3MA==/xv,PC3,PAD,PC5,P99ivka-tempesta2.jpg.pagespeed.ic.3_XbIeqRGF.jpg]
[www.caretta-spa.cz/images/NzN4MHg3MA==/xv,PC3,PAD,PC5,P99ivka-tempesta1.jpg.pagespeed.ic.RBeBIdlCt9.jpg]
[www.caretta-spa.cz/files/286/SP Tempesta.pdf]
[www.caretta-spa.cz/files/90/tempesta free standing.3ds]
[www.caretta-spa.cz/files/91/tempesta In-ground.3ds]
[www.caretta-spa.cz/virivky/tempesta-premium-plus.html]
[www.caretta-spa.cz/images/NjR4MTkyMHgw/xv,PC3,PAD,PC5,P99ivka-club+250+banner.jpg.pagespeed.ic.fQc1ZN0IlX.jpg]
[www.caretta-spa.cz/images/NjV4NzY3eDA=/xv,PC3,PAD,PC5,P99ivka-club+250-1.jpg.pagespeed.ic.WNXeUlrZtJ.jpg]
[www.caretta-spa.cz/images/NjZ4NzY3eDA=/xv,PC3,PAD,PC5,P99ivka-club+250-2.jpg.pagespeed.ic._JLwvTfB2e.jpg]
[www.caretta-spa.cz/images/Njd4NzY3eDA=/xv,PC3,PAD,PC5,P99ivka-club+250-3.jpg.pagespeed.ic.9eN-EDWs60.jpg]
[www.caretta-spa.cz/images/NjV4MHg3MA==/xv,PC3,PAD,PC5,P99ivka-club+250-1.jpg.pagespeed.ic.nZiEo6znlr.jpg]
[www.caretta-spa.cz/images/NjZ4MHg3MA==/xv,PC3,PAD,PC5,P99ivka-club+250-2.jpg.pagespeed.ic.nZQkRDJRoo.jpg]
[www.caretta-spa.cz/images/Njd4MHg3MA==/xv,PC3,PAD,PC5,P99ivka-club+250-3.jpg.pagespeed.ic.nfuHLP40FR.jpg]
[www.caretta-spa.cz/files/206/Club 250 1.pdf]
[www.caretta-spa.cz/virivky/club-250.html]
[www.caretta-spa.cz/images/NDExeDE5MjB4MA==/xCOLOSSEO-banner_popis.jpg.pagespeed.ic.UoT-SOCbW9.jpg]
[www.caretta-spa.cz/images/MzUzeDc2N3gw/xcolosseo+web+u+textu,P281,P29.jpg.pagespeed.ic.TNCf-BxzNP.jpg]
[www.caretta-spa.cz/images/MzUyeDc2N3gw/xcolosseo+ratan+u+textu,P281,P29.jpg.pagespeed.ic.hwYhUjlHwx.jpg]
[www.caretta-spa.cz/images/MzUzeDB4NzA=/xcolosseo+web+u+textu,P281,P29.jpg.pagespeed.ic.di5TCMM7a6.jpg]
[www.caretta-spa.cz/images/MzUyeDB4NzA=/xcolosseo+ratan+u+textu,P281,P29.jpg.pagespeed.ic.UQ9NdO_kEh.jpg]
[www.caretta-spa.cz/virivky/colosseo.html]
[www.caretta-spa.cz/images/MzM1eDE5MjB4MA==/xDELIRIO+jpg.jpg.pagespeed.ic.pnxwiHT3-W.jpg]
[www.caretta-spa.cz/images/MzU1eDc2N3gw/xdelirio+web+u+textu,P281,P29.jpg.pagespeed.ic.0pQ-4BMDhN.jpg]
[www.caretta-spa.cz/images/MzU1eDB4NzA=/xdelirio+web+u+textu,P281,P29.jpg.pagespeed.ic.0q8NJV-Cfx.jpg]
[www.caretta-spa.cz/virivky/delirio.html]
[www.caretta-spa.cz/images/Njh4MTkyMHgw/xv,PC3,PAD,PC5,P99ivka-infinit,PC3,PA9+banner.jpg.pagespeed.ic.Dix12_c5OH.jpg]
[www.caretta-spa.cz/images/Njl4NzY3eDA=/xv,PC3,PAD,PC5,P99ivka-infinit,PC3,PA91.jpg.pagespeed.ic.FuV5AqK5i-.jpg]
[www.caretta-spa.cz/images/NzB4NzY3eDA=/xv,PC3,PAD,PC5,P99ivka-infinit,PC3,PA92.jpg.pagespeed.ic.7Xtud5Q3U6.jpg]
[www.caretta-spa.cz/images/NzF4NzY3eDA=/xv,PC3,PAD,PC5,P99ivka-infinit,PC3,PA93.jpg.pagespeed.ic.y2goAnf7zC.jpg]
[www.caretta-spa.cz/images/Njl4MHg3MA==/xv,PC3,PAD,PC5,P99ivka-infinit,PC3,PA91.jpg.pagespeed.ic.0_iRndhltT.jpg]
[www.caretta-spa.cz/images/NzB4MHg3MA==/xv,PC3,PAD,PC5,P99ivka-infinit,PC3,PA92.jpg.pagespeed.ic.vtXxtQvtwe.jpg]
[www.caretta-spa.cz/images/NzF4MHg3MA==/xv,PC3,PAD,PC5,P99ivka-infinit,PC3,PA93.jpg.pagespeed.ic.ZJHpGeewvt.jpg]
[www.caretta-spa.cz/files/284/SP Infinité.pdf]
[www.caretta-spa.cz/files/88/infinite free standing.3ds]
[www.caretta-spa.cz/files/89/Infinite In-ground.3ds]
[www.caretta-spa.cz/virivky/vyrazeno-z-vyroby-infinite-fresh.html]
[www.caretta-spa.cz/images/NDQweDc2N3gw/xtempesta+diamond+u+textu.jpg.pagespeed.ic.iRn5Us-UW7.jpg]
[www.caretta-spa.cz/images/NDQweDB4NzA=/xtempesta+diamond+u+textu.jpg.pagespeed.ic.c-Et-NF4Xm.jpg]
[www.caretta-spa.cz/virivky/vyrazeno-z-vyroby-tempesta-diamond.html]
[www.caretta-spa.cz/images/NDM4eDc2N3gw/xtempesta+fresh+u+textu,P281,P29.jpg.pagespeed.ic.t4HoSFyXFD.jpg]
[www.caretta-spa.cz/images/NDM4eDB4NzA=/xtempesta+fresh+u+textu,P281,P29.jpg.pagespeed.ic.NABVUSDOyO.jpg]
[www.caretta-spa.cz/virivky/vyrazeno-z-vyroby-tempesta-fresh.html]
[www.caretta-spa.cz/images/NTV4MTkyMHgw/xv,PC3,PAD,PC5,P99ivka-gemino+banner.jpg.pagespeed.ic.zjEjbeXFKt.jpg]
[www.caretta-spa.cz/images/NDM3eDc2N3gw/xgemino+diamond+u+textu.jpg.pagespeed.ic.aUqBGtjrDj.jpg]
[www.caretta-spa.cz/images/NTZ4NzY3eDA=/xv,PC3,PAD,PC5,P99ivka-gemino1.jpg.pagespeed.ic.4XeLVaUR3e.jpg]
[www.caretta-spa.cz/images/NTd4NzY3eDA=/xv,PC3,PAD,PC5,P99ivka-gemino2.jpg.pagespeed.ic.lneQTNnkWD.jpg]
[www.caretta-spa.cz/images/NDM3eDB4NzA=/xgemino+diamond+u+textu.jpg.pagespeed.ic.mn846YCtMD.jpg]
[www.caretta-spa.cz/images/NTZ4MHg3MA==/xv,PC3,PAD,PC5,P99ivka-gemino1.jpg.pagespeed.ic.ZGWaZODxPJ.jpg]
[www.caretta-spa.cz/images/NTd4MHg3MA==/xv,PC3,PAD,PC5,P99ivka-gemino2.jpg.pagespeed.ic.t-TscToxtv.jpg]
[www.caretta-spa.cz/files/285/SP Gemino.pdf]
[www.caretta-spa.cz/files/86/Gemino free standing.3ds]
[www.caretta-spa.cz/files/87/Gemino In-ground.3ds]
[www.caretta-spa.cz/virivky/vyrazeno-z-vyroby-gemino-diamond.html]
[www.caretta-spa.cz/images/NDY2eDc2N3gw/xgemino+premium+u+textu.jpg.pagespeed.ic.dPzCSO4_KD.jpg]
[www.caretta-spa.cz/images/NDY2eDB4NzA=/xgemino+premium+u+textu.jpg.pagespeed.ic.f3yUjfQq6o.jpg]
[www.caretta-spa.cz/virivky/vyrazeno-z-vyroby-gemino-premium.html]
[www.caretta-spa.cz/images/NDM1eDc2N3gw/xgemino+fresh+u+textu.jpg.pagespeed.ic.FIMfciZ4A4.jpg]
[www.caretta-spa.cz/images/NDM1eDB4NzA=/xgemino+fresh+u+textu.jpg.pagespeed.ic.atcJ59Ch5y.jpg]
[www.caretta-spa.cz/virivky/vyrazeno-z-vyroby-gemino-fresh.html]
[www.caretta-spa.cz/images/NjU3eDE5MjB4MA==/xDSC_5719_madlo_thermowood.jpg.pagespeed.ic._i_fMTyCtE.jpg]
[www.caretta-spa.cz/images/NjY0eDc2N3gw/xWEB+LUCCIoLA+1,P286,P29.jpg.pagespeed.ic.XWWXtv8b1k.jpg]
[www.caretta-spa.cz/images/NjYyeDc2N3gw/xWEB+LUCCIoLA+1,P284,P29.jpg.pagespeed.ic.SqT__rKnvY.jpg]
[www.caretta-spa.cz/images/NjYzeDc2N3gw/xWEB+LUCCIoLA+1,P285,P29.jpg.pagespeed.ic.zkW2aJmm3g.jpg]
[www.caretta-spa.cz/images/NjY2eDc2N3gw/xDSC_5643.JPG.pagespeed.ic.PyW2o0fl_C.jpg]
[www.caretta-spa.cz/images/NjY1eDc2N3gw/xDSC_5497.JPG.pagespeed.ic.F-Zcx-OXeC.jpg]
[www.caretta-spa.cz/images/NjY0eDB4NzA=/xWEB+LUCCIoLA+1,P286,P29.jpg.pagespeed.ic.z_Zntx2hV2.jpg]
[www.caretta-spa.cz/images/NjYyeDB4NzA=/xWEB+LUCCIoLA+1,P284,P29.jpg.pagespeed.ic.ORepq0qzYP.jpg]
[www.caretta-spa.cz/images/NjYzeDB4NzA=/xWEB+LUCCIoLA+1,P285,P29.jpg.pagespeed.ic.S4u5uK-5e2.jpg]
[www.caretta-spa.cz/images/NjY2eDB4NzA=/xDSC_5643.JPG.pagespeed.ic.1y7kVvAf_V.jpg]
[www.caretta-spa.cz/images/NjY1eDB4NzA=/xDSC_5497.JPG.pagespeed.ic.M_zJ9RZMwh.jpg]
[www.caretta-spa.cz/sauny/POST]
[www.caretta-spa.cz/sauny/lucciola.html]
[www.caretta-spa.cz/images/MTE0eDE5MjB4MA==/xfinske+sauny-banner.jpg.pagespeed.ic.B7-BY-O72T.jpg]
[www.caretta-spa.cz/images/MTEzeDc2N3gw/xfinske+sauny3.jpg.pagespeed.ic.6yXyap6kU_.jpg]
[www.caretta-spa.cz/images/MTEyeDc2N3gw/xfinske+sauny2.jpg.pagespeed.ic.4BVnnP3hs-.jpg]
[www.caretta-spa.cz/images/MTExeDc2N3gw/xfinske+sauny1.jpg.pagespeed.ic.XtC48V16I1.jpg]
[www.caretta-spa.cz/images/MTEzeDB4NzA=/xfinske+sauny3.jpg.pagespeed.ic.pSOG-cGV3x.jpg]
[www.caretta-spa.cz/images/MTEyeDB4NzA=/xfinske+sauny2.jpg.pagespeed.ic.hWCsJJYEfw.jpg]
[www.caretta-spa.cz/images/MTExeDB4NzA=/xfinske+sauny1.jpg.pagespeed.ic.3M9etVlYT-.jpg]
[www.caretta-spa.cz/upload/images/250x162xabachi,P286,P29.jpg.pagespeed.ic.59RM1xWldA.jpg]
[www.caretta-spa.cz/upload/images/250x162xthermool,PC5,PA1e,P20dark,P286,P29.jpg.pagespeed.ic.YpREAT3x-v.jpg]
[www.caretta-spa.cz/upload/images/250x162xcedr3,P286,P29.jpg.pagespeed.ic.0KF2a4bRWI.jpg]
[www.caretta-spa.cz/upload/images/250x162xthermowood,P20borovice,P286,P29.jpg.pagespeed.ic.6Osyt_UhTd.jpg]
[www.caretta-spa.cz/upload/images/250x162xkart,PC3,PA1,PC4,P8Dovan,PC3,PBD,P20smrk,P20thermowood,P286,P29.jpg.pagespeed.ic.4tOAaw7Ksh.jpg]
[www.caretta-spa.cz/sauny/finske-sauny.html]
[www.caretta-spa.cz/images/MTE3eDE5MjB4MA==/xinfra+sauny-banner.jpg.pagespeed.ic.sBCQ3iebFH.jpg]
[www.caretta-spa.cz/images/MTE1eDc2N3gw/xinfra+sauny1.jpg.pagespeed.ic.8iFg9WMfOH.jpg]
[www.caretta-spa.cz/images/MTE2eDc2N3gw/xinfra+sauny2.jpg.pagespeed.ic.czNfI2ar4g.jpg]
[www.caretta-spa.cz/images/MTE1eDB4NzA=/xinfra+sauny1.jpg.pagespeed.ic.cXKDauuKXu.jpg]
[www.caretta-spa.cz/images/MTE2eDB4NzA=/xinfra+sauny2.jpg.pagespeed.ic.02BzWiqC9j.jpg]
[www.caretta-spa.cz/upload/images/250x162xabachi,P287,P29.jpg.pagespeed.ic.59RM1xWldA.jpg]
[www.caretta-spa.cz/upload/images/250x162xcedr3,P287,P29.jpg.pagespeed.ic.0KF2a4bRWI.jpg]
[www.caretta-spa.cz/upload/images/250x162xkart,PC3,PA1,PC4,P8Dovan,PC3,PBD,P20smrk,P20thermowood,P287,P29.jpg.pagespeed.ic.4tOAaw7Ksh.jpg]
[www.caretta-spa.cz/sauny/infrasauny.html]
[www.caretta-spa.cz/images/MjE0eDE5MjB4MA==/xbio+sauny-banner,P281,P29.jpg.pagespeed.ic.dFPauVMgoN.jpg]
[www.caretta-spa.cz/images/MjEzeDc2N3gw/xbio+sauny2.jpg.pagespeed.ic.fLfxzUZ5GX.jpg]
[www.caretta-spa.cz/images/MTIyeDc2N3gw/xbio+sauny1.jpg.pagespeed.ic.Ijb0a3TlJJ.jpg]
[www.caretta-spa.cz/images/MjEzeDB4NzA=/xbio+sauny2.jpg.pagespeed.ic.knRZjbH5xc.jpg]
[www.caretta-spa.cz/images/MTIyeDB4NzA=/xbio+sauny1.jpg.pagespeed.ic.4JiQRV2Z-Q.jpg]
[www.caretta-spa.cz/upload/images/250x162xabachi,P288,P29.jpg.pagespeed.ic.59RM1xWldA.jpg]
[www.caretta-spa.cz/upload/images/250x162xthermool,PC5,PA1e,P20dark,P287,P29.jpg.pagespeed.ic.YpREAT3x-v.jpg]
[www.caretta-spa.cz/upload/images/250x162xcedr3,P288,P29.jpg.pagespeed.ic.0KF2a4bRWI.jpg]
[www.caretta-spa.cz/upload/images/250x162xthermowood,P20borovice,P287,P29.jpg.pagespeed.ic.6Osyt_UhTd.jpg]
[www.caretta-spa.cz/upload/images/250x162xkart,PC3,PA1,PC4,P8Dovan,PC3,PBD,P20smrk,P20thermowood,P288,P29.jpg.pagespeed.ic.4tOAaw7Ksh.jpg]
[www.caretta-spa.cz/sauny/biosauny.html]
[www.caretta-spa.cz/images/MTIxeDE5MjB4MA==/xsudove+sauny-banner.jpg.pagespeed.ic.qGyOHa8YKf.jpg]
[www.caretta-spa.cz/images/MTE4eDc2N3gw/xsudove+sauny1.jpg.pagespeed.ic.xR7Ibbvv4E.jpg]
[www.caretta-spa.cz/images/MTE5eDc2N3gw/xsudove+sauny2.jpg.pagespeed.ic.CrrPgOB3QN.jpg]
[www.caretta-spa.cz/images/MTIweDc2N3gw/xsudove+sauny3.jpg.pagespeed.ic.iuUpBOrRfu.jpg]
[www.caretta-spa.cz/images/MTE4eDB4NzA=/xsudove+sauny1.jpg.pagespeed.ic.wuqXMFe-hC.jpg]
[www.caretta-spa.cz/images/MTE5eDB4NzA=/xsudove+sauny2.jpg.pagespeed.ic.2-g7yb3Thg.jpg]
[www.caretta-spa.cz/images/MTIweDB4NzA=/xsudove+sauny3.jpg.pagespeed.ic.M5BTp5njLC.jpg]
[www.caretta-spa.cz/upload/images/250x162xabachi,P289,P29.jpg.pagespeed.ic.59RM1xWldA.jpg]
[www.caretta-spa.cz/upload/images/250x162xthermool,PC5,PA1e,P20dark,P288,P29.jpg.pagespeed.ic.YpREAT3x-v.jpg]
[www.caretta-spa.cz/upload/images/250x162xthermowood,P20borovice,P288,P29.jpg.pagespeed.ic.6Osyt_UhTd.jpg]
[www.caretta-spa.cz/sauny/sudove-sauny.html]
[www.caretta-spa.cz/images/MTI2eDE5MjB4MA==/xkombinov,PC3,PA9+sauny-banner.jpg.pagespeed.ic.xkjxSleK-Q.jpg]
[www.caretta-spa.cz/images/MTI1eDc2N3gw/xkombinov,PC3,PA9+sauny2.jpg.pagespeed.ic.OLD5jBaEiR.jpg]
[www.caretta-spa.cz/images/MTI0eDc2N3gw/xkombinov,PC3,PA9+sauny1.jpg.pagespeed.ic.yTqU98_XaD.jpg]
[www.caretta-spa.cz/images/MTI1eDB4NzA=/xkombinov,PC3,PA9+sauny2.jpg.pagespeed.ic.YXBldJAGE9.jpg]
[www.caretta-spa.cz/images/MTI0eDB4NzA=/xkombinov,PC3,PA9+sauny1.jpg.pagespeed.ic.-uVE-otw7b.jpg]
[www.caretta-spa.cz/upload/images/250x162xabachi,P2810,P29.jpg.pagespeed.ic.59RM1xWldA.jpg]
[www.caretta-spa.cz/upload/images/250x162xthermool,PC5,PA1e,P20dark,P289,P29.jpg.pagespeed.ic.YpREAT3x-v.jpg]
[www.caretta-spa.cz/upload/images/250x162xcedr3,P289,P29.jpg.pagespeed.ic.0KF2a4bRWI.jpg]
[www.caretta-spa.cz/upload/images/250x162xthermowood,P20borovice,P289,P29.jpg.pagespeed.ic.6Osyt_UhTd.jpg]
[www.caretta-spa.cz/upload/images/250x162xkart,PC3,PA1,PC4,P8Dovan,PC3,PBD,P20smrk,P20thermowood,P289,P29.jpg.pagespeed.ic.4tOAaw7Ksh.jpg]
[www.caretta-spa.cz/sauny/kombinovane-sauny.html]
[www.caretta-spa.cz/images/MTI5eDE5MjB4MA==/xsaltair-banner,P281,P29.jpg.pagespeed.ic.wu9PX9GYvg.jpg]
[www.caretta-spa.cz/images/MTI3eDc2N3gw/xsaltair1.jpg.pagespeed.ic.9lz3AMsxQM.jpg]
[www.caretta-spa.cz/images/MTI3eDB4NzA=/xsaltair1.jpg.pagespeed.ic.iDYwdBxmB9.jpg]
[www.caretta-spa.cz/sauny/saltair-morske-klima.html]
[www.caretta-spa.cz/images/MjQxeDE5MjB4MA==/xochlazovac,PC3,PAD+baz,PC3,PA9nek+shokki-banner.jpg.pagespeed.ic.3kJ08YApKW.jpg]
[www.caretta-spa.cz/images/MjQ5eDc2N3gw/xochlazovac,PC3,PAD+baz,PC3,PA9nek+shokki5.jpg.pagespeed.ic.Qew_8G6v0r.jpg]
[www.caretta-spa.cz/images/MjQ3eDc2N3gw/xochlazovac,PC3,PAD+baz,PC3,PA9nek+shokki6.jpg.pagespeed.ic.k6U6Mhnxem.jpg]
[www.caretta-spa.cz/images/MjQweDc2N3gw/xochlazovac,PC3,PAD+baz,PC3,PA9nek+shokki4.jpg.pagespeed.ic.2DbkNvvejQ.jpg]
[www.caretta-spa.cz/images/MjQ5eDB4NzA=/xochlazovac,PC3,PAD+baz,PC3,PA9nek+shokki5.jpg.pagespeed.ic.yET62ta6W_.jpg]
[www.caretta-spa.cz/images/MjQ3eDB4NzA=/xochlazovac,PC3,PAD+baz,PC3,PA9nek+shokki6.jpg.pagespeed.ic.TphJpW7KIA.jpg]
[www.caretta-spa.cz/images/MjQweDB4NzA=/xochlazovac,PC3,PAD+baz,PC3,PA9nek+shokki4.jpg.pagespeed.ic.ct_zUEoYnn.jpg]
[www.caretta-spa.cz/ochlazovaci-systemy/POST]
[www.caretta-spa.cz/ochlazovaci-systemy/ochlazovaci-bazenek-shokki.html]
[www.caretta-spa.cz/images/MTU4eDE5MjB4MA==/xz,PC3,PA1,PC5,PBEitkov,PC3,PA9+sprchy-banner.jpg.pagespeed.ic.IYoQkx6iEc.jpg]
[www.caretta-spa.cz/images/MTU1eDc2N3gw/xz,PC3,PA1,PC5,PBEitkov,PC3,PA9+sprchy1.jpg.pagespeed.ic.QHxvPSrbqr.jpg]
[www.caretta-spa.cz/images/MTU2eDc2N3gw/xz,PC3,PA1,PC5,PBEitkov,PC3,PA9+sprchy2.jpg.pagespeed.ic.LbSizDi1go.jpg]
[www.caretta-spa.cz/images/MTU3eDc2N3gw/xz,PC3,PA1,PC5,PBEitkov,PC3,PA9+sprchy3.jpg.pagespeed.ic.w95KpOdbD2.jpg]
[www.caretta-spa.cz/images/MTU1eDB4NzA=/xz,PC3,PA1,PC5,PBEitkov,PC3,PA9+sprchy1.jpg.pagespeed.ic.UqhfcdMfKG.jpg]
[www.caretta-spa.cz/images/MTU2eDB4NzA=/xz,PC3,PA1,PC5,PBEitkov,PC3,PA9+sprchy2.jpg.pagespeed.ic.Sp6TERFqAa.jpg]
[www.caretta-spa.cz/images/MTU3eDB4NzA=/xz,PC3,PA1,PC5,PBEitkov,PC3,PA9+sprchy3.jpg.pagespeed.ic.FbbwX4shJ-.jpg]
[www.caretta-spa.cz/ochlazovaci-systemy/zazitkove-sprchy.html]
[www.caretta-spa.cz/images/MTQ1eDE5MjB4MA==/xkeramick,PC3,PA9+parn,PC3,PAD+l,PC3,PA1zn,PC4,P9B-banner.jpg.pagespeed.ic.BXJydUK6Ak.jpg]
[www.caretta-spa.cz/images/MTQyeDc2N3gw/xkeramick,PC3,PA9+parn,PC3,PAD+l,PC3,PA1zn,PC4,P9B1.jpg.pagespeed.ic.JflsoXNX6j.jpg]
[www.caretta-spa.cz/images/MTQzeDc2N3gw/xkeramick,PC3,PA9+parn,PC3,PAD+l,PC3,PA1zn,PC4,P9B2.jpg.pagespeed.ic.3NHEIZ39vn.jpg]
[www.caretta-spa.cz/images/MTQ0eDc2N3gw/xkeramick,PC3,PA9+parn,PC3,PAD+l,PC3,PA1zn,PC4,P9B3.jpg.pagespeed.ic.RRFz4hkFVn.jpg]
[www.caretta-spa.cz/images/MTQyeDB4NzA=/xkeramick,PC3,PA9+parn,PC3,PAD+l,PC3,PA1zn,PC4,P9B1.jpg.pagespeed.ic.34OCownN-i.jpg]
[www.caretta-spa.cz/images/MTQzeDB4NzA=/xkeramick,PC3,PA9+parn,PC3,PAD+l,PC3,PA1zn,PC4,P9B2.jpg.pagespeed.ic.S1P8ZhUrwz.jpg]
[www.caretta-spa.cz/images/MTQ0eDB4NzA=/xkeramick,PC3,PA9+parn,PC3,PAD+l,PC3,PA1zn,PC4,P9B3.jpg.pagespeed.ic.cf3q-5ryT9.jpg]
[www.caretta-spa.cz/parni-lazne/POST]
[www.caretta-spa.cz/parni-lazne/tradicni-keramicke-lazne.html]
[www.caretta-spa.cz/images/MTQ3eDE5MjB4MA==/xkompozitov,PC3,PA9+parn,PC3,PAD+l,PC3,PA1zn,PC4,P9B-banner.jpg.pagespeed.ic.hDILjPXW4d.jpg]
[www.caretta-spa.cz/images/MTQ2eDc2N3gw/xkompozitov,PC3,PA9+parn,PC3,PAD+l,PC3,PA1zn,PC4,P9B1.jpg.pagespeed.ic.N8H8xDaMKZ.jpg]
[www.caretta-spa.cz/images/MTQ2eDB4NzA=/xkompozitov,PC3,PA9+parn,PC3,PAD+l,PC3,PA1zn,PC4,P9B1.jpg.pagespeed.ic.Alt_7wzCXa.jpg]
[www.caretta-spa.cz/parni-lazne/kompozitove-parni-lazne.html]
[www.caretta-spa.cz/swim-spa/POST]
[www.caretta-spa.cz/swim-spa/swim-spa-torrente-f-trainer-system-profi-all-year-paket.html]
[www.caretta-spa.cz/swim-spa/swim-spa-torrente-f-trainer-system-economy-summer-paket.html]
[www.caretta-spa.cz/swim-spa/torrente-f.html]
[www.caretta-spa.cz/swim-spa/images/NjA5eDE5MjB4MA==/xLook+Spa+-+visual.jpg.pagespeed.ic.o8epWFW66p.jpg]
[www.caretta-spa.cz/images/NjEweDc2N3gw/xlookspa.jpg.pagespeed.ic.MzTwo7S_8w.jpg]
[www.caretta-spa.cz/images/NjEweDB4NzA=/xlookspa.jpg.pagespeed.ic.6miXOOyEI7.jpg]
[www.caretta-spa.cz/swim-spa/torrente-skorepina.html]
[www.caretta-spa.cz/look-spa/POST]
[www.caretta-spa.cz/look-spa/look-spa-v1.html]
[www.caretta-spa.cz/novinky/omezeni-provozu-z-duvodu-narizeni-vlady.html]
[www.caretta-spa.cz/novinky/look-spa-nove-modely-garden-wellness-na-klic.html]
[www.caretta-spa.cz/novinky/cas-vanoc-v-nasi-firme.html]
[www.caretta-spa.cz/images/NjIxeDE5MjB4MA==/index.html]
[www.caretta-spa.cz/novinky/workout-sauna-od-caretta-spa.html]
[www.caretta-spa.cz/images/MTM2eDB4MA==/xkeramick,PC3,PA9+parn,PC3,PAD+l,PC3,PA1zn,PC4,P9B.jpg.pagespeed.ic.BeIplUkrhQ.jpg]
[www.caretta-spa.cz/images/MTM3eDB4MA==/xkompozitov,PC3,PA9+parn,PC3,PADl,PC3,PA1zn,PC4,P9B.jpg.pagespeed.ic.jrTgVmtxdI.jpg]
[www.caretta-spa.cz/novinky/novinky-a-vyvoj-v-caretta-spa-trono-pro-stylove-a-prakticke-posezeni-ve-wellness.html]
[www.caretta-spa.cz/novinky/cas-vanocni-v-caretta-spa.html]
[www.caretta-spa.cz/novinky/ke-spravnemu-saunovani-patri-poradne-ochlazeni-shokki.html]
[www.caretta-spa.cz/novinky/jsme-tady-pro-vas-cele-letni-prazdniny.html]
[www.caretta-spa.cz/novinky/celofiremni-letni-dovolena-v-carette.html]
[www.caretta-spa.cz/novinky2679.html]
[www.caretta-spa.cz/novinky/budte-soucasti-skveleho-tymu-caretta-spa.html]
[www.caretta-spa.cz/novinky/zmena-objednavkoveho-systemu.html]
[www.caretta-spa.cz/novinky/jarni-slevova-akce.html]
[www.caretta-spa.cz/images/MzE4eDB4MA==/colosseo+promo.png]
[www.caretta-spa.cz/novinky/colloseo-pure.html]
[www.caretta-spa.cz/novinky/dostupna-virivka-colosseo-z-nove-rady-x-position-prichazi.html]
[www.caretta-spa.cz/novinky/sudova-sauna-relaxace-na-vasi-zahrade.html]
[www.caretta-spa.cz/virivky/gemino-fresh]
[www.caretta-spa.cz/virivky/gemino-premium]
[www.caretta-spa.cz/virivky/gemino-diamond]
[www.caretta-spa.cz/virivky/tempesta-fresh]
[www.caretta-spa.cz/virivky/infinite-fresh]
[www.caretta-spa.cz/virivky/infinite-premium]
[www.caretta-spa.cz/virivky/infinite-diamond]
[www.caretta-spa.cz/novinky/microsilk-nadechnete-se-celym-povrchem-sveho-tela.html]
[www.caretta-spa.cz/images/MjcyeDB4MA==/600x450xIMG_20170216_102728.jpg.pagespeed.ic.lattBrjj7H.jpg]
[www.caretta-spa.cz/images/MjczeDB4MA==/600x450xIMG_20170216_103348.jpg.pagespeed.ic.qrEvUkxsp6.jpg]
[www.caretta-spa.cz/images/Mjc0eDB4MA==/600x450xIMG_20170216_103416.jpg.pagespeed.ic.2-HjJggWJc.jpg]
[www.caretta-spa.cz/images/MjcweDB4MA==/25.pára.jpg]
[www.caretta-spa.cz/images/MjcxeDB4MA==/600x422x28.virivka.jpg.pagespeed.ic.GYeksVzz20.jpg]
[www.caretta-spa.cz/novinky/podivejte-se-na-prestavbu-wellness-v-hotelu-zlaty-klucik.html]
[www.caretta-spa.cz/upload/images/300x156xv,PC3,PAD,PC5,P99ivka-tempesta2.jpg.pagespeed.ic.X9tgljseDI.jpg]
[www.caretta-spa.cz/upload/images/300x156xv,PC3,PAD,PC5,P99ivka-gemino2.jpg.pagespeed.ic.qAzTJ2v2aH.jpg]
[www.caretta-spa.cz/novinky/virivky-skladem-nyni-20.html]
[www.caretta-spa.cz/images/MjU4eDB4MA==/221x300xhuurre_black_rgb.jpg.pagespeed.ic.-tnkMsIfqW.jpg]
[www.caretta-spa.cz/images/MjU5eDB4MA==/288x300xhuurre_integrated_rgb.jpg.pagespeed.ic.lazw3jZKQY.jpg]
[www.caretta-spa.cz/novinky/kamna-tulikivi-finska-elegance-z-mastku-a-keramiky.html]
[www.caretta-spa.cz/novinky/idealni-spolecnik-do-sauny-saunovaci-cepice.html]
[www.caretta-spa.cz/novinky/saunujeme-proc-je-tak-dulezite-se-ochlazovat.html]
[www.caretta-spa.cz/novinky/vyprodej-skladu-vsechny-virivky-20.html]
[www.caretta-spa.cz/novinky/vyhrajte-3denni-pobyt-pro-2-osoby-v-horskem-hotelu-celadenka.html]
[www.caretta-spa.cz/ochlazovaci-systemy/ochlazovaci-bazenek-shokki61db.html]
[www.caretta-spa.cz/novinky/luxus-pro-kazdeho.html]
[www.caretta-spa.cz/novinky/jsme-hrdi-cesi-proto-podnikame-z-cr.html]
[www.caretta-spa.cz/images/MjI2eDB4MA==/800x450x20150916_184359,P20,281,29.jpg.pagespeed.ic.X5DUlOw8fC.jpg]
[www.caretta-spa.cz/images/MjI4eDB4MA==/800x600xDSC_0216,281,29.JPG.pagespeed.ic.jFWVBIoyE4.jpg]
[www.caretta-spa.cz/images/MjI3eDB4MA==/800x1067xDSC_000001.JPG.pagespeed.ic.x9ft3lcjED.jpg]
[www.caretta-spa.cz/novinky/mame-grand-prix-z-veletrhu-for-arch-2015.html]
[www.caretta-spa.cz/sauny/POST.html]
[www.caretta-spa.cz/ochlazovaci-systemy/POST.html]
[www.caretta-spa.cz/parni-lazne/POST.html]
[www.caretta-spa.cz/swim-spa/POST.html]
[www.caretta-spa.cz/swim-spa/images/NjA5eDE5MjB4MA==/xLook+Spa+-+visual.jpg.pagespeed.ic.o8epWFW66p.html]
[www.caretta-spa.cz/images/NjIxeDE5MjB4MA==/index.html]
[www.caretta-spa.cz/look-spa/POST.html]
[www.caretta-spa.cz/virivky/gemino-fresh.html]
[www.caretta-spa.cz/virivky/gemino-premium.html]
[www.caretta-spa.cz/virivky/gemino-diamond.html]
[www.caretta-spa.cz/virivky/tempesta-fresh.html]
[www.caretta-spa.cz/virivky/infinite-fresh.html]
[www.caretta-spa.cz/virivky/infinite-premium.html]
[www.caretta-spa.cz/virivky/infinite-diamond.html]
[www.caretta-spa.cz/ochlazovaci-systemy/ochlazovaci-bazenek-shokki61db.html]
